// Jest Snapshot v1, https://goo.gl/fbAQLP

exports[`<TextComponent /> test snapshot 1`] = `
<View
  accessible={true}
  focusable={true}
  onClick={[Function]}
  onResponderGrant={[Function]}
  onResponderMove={[Function]}
  onResponderRelease={[Function]}
  onResponderTerminate={[Function]}
  onResponderTerminationRequest={[Function]}
  onStartShouldSetResponder={[Function]}
  style={
    Object {
      "alignContent": "center",
      "alignItems": "center",
      "backgroundColor": "#FF736A",
      "borderRadius": 20,
      "opacity": 1,
      "paddingHorizontal": 20,
      "paddingVertical": 8,
      "width": "100%",
    }
  }
>
  <Text
    style={
      Object {
        "color": "#FFFFFF",
        "fontFamily": "montserrat-semi-bold",
        "fontSize": 14,
      }
    }
  >
    Click me!
  </Text>
</View>
`;
